// Jest Snapshot v1, https://goo.gl/fbAQLP

exports[`Nickname selection view initial load should render component 1`] = `
<div
  className="section is-large"
>
  <div
    className="column is-4 is-offset-4"
  >
    <div
      className="box has-text-centered"
    >
      <h3
        className="subtitle is-4"
      >
        Choose a nickname
      </h3>
      <div
        className="field"
      >
        <div
          className="control"
        >
          <input
            className="input is-large"
            onChange={[Function]}
            onKeyDown={[Function]}
            placeholder="Nickname"
            type="text"
          />
        </div>
      </div>
      <div
        className="field"
      >
        <button
          className="button is-info is-large is-outlined is-fullwidth"
          onClick={[Function]}
        >
          Next
        </button>
      </div>
    </div>
  </div>
</div>
`;
